ok   import
solids: 1
bbox solids: 3753.9972470982 -303.54380862384 -236.95132788135 3844.9011074879 -215.30993790501 -140.5246614314
ok   bbox_solids
surfaces: 234
lines: 566
surf 1 area 107.32525564554 type ? bbox 3844.898892589 -303.06750378742 -236.47223051302 3844.9011074879 -243.8758999736 -177.35486417707
surf 2 area 3116.4476244494 type ? bbox 3761.4989400678 -296.93880980803 -204.74817564737 3844.8989398564 -265.33791783483 -173.32940854217
surf 3 area 20.410947333619 type ? bbox 3819.9988622711 -270.87080819276 -177.96175936097 3844.8989398564 -270.00173738617 -176.95732709973
surf 4 area 2931.4156884733 type ? bbox 3760.2065207535 -297.50417663948 -204.18092898874 3844.8988929893 -268.03185440275 -174.8799412844
surf 5 area 1912.5619546784 type ? bbox 3812.6671427246 -303.06750378742 -236.47388937692 3844.9011070877 -270.85068891292 -204.17721757052
surf 6 area 2931.4017588108 type ? bbox 3760.2087352525 -270.85189777909 -230.98599712944 3844.9011074879 -241.3797473136 -201.68488826662
surf 7 area 20.414674899416 type ? bbox 3820.0010606619 -244.4787690978 -204.50694875805 3844.9011074879 -243.47827250833 -203.63109280291
surf 8 area 3148.5050403772 type ? bbox 3761.5006998636 -271.41413658793 -230.41852586882 3844.9010606196 -239.31426582663 -198.50292727635
surf 9 area 1831.7524583099 type ? bbox 3812.6671891486 -302.26748075078 -235.67346403317 3844.90106022 -271.41392172544 -204.74074360706
surf 10 area 570.06334082159 type ? bbox 3761.4989400678 -274.32609093705 -182.26248228399 3810.1837368473 -263.12136639533 -162.77696704436
surf 11 area 91.359217020914 type ? bbox 3808.0937434809 -274.57432880131 -182.50902949084 3820.519126162 -269.31171488666 -170.75278547958
surf 12 area 2907.701419239 type ? bbox 3761.4991207712 -302.26596663899 -235.67611301202 3812.6693104953 -271.41288844207 -204.74588721626
surf 13 area 144.17639801696 type ? bbox 3759.9993137559 -296.93685985765 -206.16656069465 3761.4991207712 -256.98021745393 -167.05582263705
surf 14 area 13.39051549894 type ? bbox 3816.998582574 -271.82807140383 -177.9509568898 3819.9989390508 -268.52885764492 -171.17582711986
surf 15 area 52.954644421998 type ? bbox 3816.9985825218 -277.92090672201 -184.70747715899 3822.298893027 -270.52707335505 -171.17582711986
surf 16 area 786.40931034303 type ? bbox 3760.181348511 -277.92045740324 -184.7079288917 3812.7523872175 -264.98700906565 -161.254934677
surf 17 area 85.946074961694 type ? bbox 3758.1553940833 -297.66778074687 -204.18092898874 3760.2065211896 -268.03185440275 -174.71207568425
surf 18 area 3114.9185724426 type ? bbox 3760.2065207535 -303.06577703456 -236.47572944515 3812.6693572239 -270.84888710596 -204.17874996279
surf 19 area 91.595223302735 type ? bbox 3811.423304628 -277.92090672201 -184.7079288917 3822.2988929176 -274.97285927394 -171.3284781803
surf 20 area 85.946374722699 type ? bbox 3758.1576364121 -270.84888710596 -231.15399683674 3760.2087356896 -241.21266942072 -201.68488826662
surf 21 area 785.78026610634 type ? bbox 3760.184612638 -251.26835031681 -211.5128758722 3812.7542856758 -227.74925506233 -198.68517156284
surf 22 area 91.597742941777 type ? bbox 3811.425519127 -251.26879963558 -211.5128758722 3822.301107417 -237.88525985446 -208.60662240859
surf 23 area 52.95342349419 type ? bbox 3817.001418017 -251.26879963558 -211.51242413902 3822.3011075264 -237.70209301574 -204.16074988004
surf 24 area 15.367080499993 type ? bbox 3817.0010751952 -244.4777403682 -205.49750526405 3820.001138291 -237.70209301574 -201.67580640192
surf 25 area 63.679117362983 type ? bbox 3807.7868689701 -248.11936124863 -207.25371052019 3818.775059729 -240.30798222329 -202.47982174635
surf 26 area 33.552318699218 type ? bbox 3803.7866382021 -247.88479130359 -207.02076031358 3809.5657067099 -239.81448338859 -204.09000262705
surf 27 area 68.149157212551 type ? bbox 3796.619844789 -247.11437555301 -206.25506789882 3805.5654988257 -236.01431527683 -203.54775900397
surf 28 area 341.91853270456 type ? bbox 3768.6695928842 -246.58873979543 -205.73302136554 3798.7106913934 -230.6386687929 -198.18958216579
surf 29 area 15.187825096702 type ? bbox 3766.8882247531 -241.19701531292 -200.37434922918 3770.760438266 -230.6386687929 -197.91462351166
surf 30 area 49.30066971957 type ? bbox 3762.636828741 -240.7688793868 -199.94880167177 3769.810987653 -230.999583337 -196.53316963518
surf 31 area 9.2838740687126 type ? bbox 3761.6367580691 -239.53377225652 -198.72108826445 3764.5263871781 -231.21959340939 -196.34148164948
surf 32 area 0.8184895583592 type ? bbox 3761.5010608391 -239.34105210323 -198.52954960884 3763.5263244269 -231.20996100612 -196.32765108068
surf 33 area 144.37046190739 type ? bbox 3760.0011322865 -272.82290306804 -230.41852586882 3761.5010608391 -233.49719101583 -190.67361847282
surf 34 area 4.6907286145822 type ? bbox 3761.3813240328 -265.33791783483 -173.32940854217 3763.5889367013 -263.04211594009 -162.65669116277
surf 35 area 571.27767373886 type ? bbox 3762.8440322094 -281.12298275189 -171.68321942547 3810.1837368473 -264.83138414482 -152.01223324424
surf 36 area 14.388695947071 type ? bbox 3810.1837364832 -277.07552440728 -171.76342581265 3812.8945207187 -273.4828994191 -167.34871934465
surf 37 area 1.4022107494472 type ? bbox 3812.8945207187 -273.4828994191 -173.87796698544 3814.0195207941 -271.06231768917 -170.55257673411
surf 38 area 1.4865718906894 type ? bbox 3813.9141930095 -271.252500768 -175.96544647869 3817.237060665 -269.18461015719 -173.6950715004
surf 39 area 155.13704032778 type ? bbox 3760.0066916581 -302.26416689701 -235.67611301202 3761.5006998636 -271.41288844207 -204.74817564737
surf 40 area 348.96310858983 type ? bbox 3753.9990568331 -295.52652834669 -206.16673745849 3760.5382281374 -254.328359455 -165.20362038295
surf 41 area 0.40813827649438 type ? bbox 3759.9993137559 -257.8343784133 -167.83985489907 3760.2816007353 -256.26887499041 -166.87668759864
surf 42 area 0.0043614265032113 type ? bbox 3760.1458030646 -257.85087620847 -167.07135498563 3760.1949776099 -257.65767332722 -166.87242032321
surf 43 area 13.151025494363 type ? bbox 3760.1568678081 -262.0852116392 -170.11025999717 3761.4620259737 -257.85087620847 -164.04392956287
surf 44 area 21.921688076857 type ? bbox 3760.3518078752 -265.19301422554 -173.19185355999 3762.8800229489 -261.3129585312 -162.65669116277
surf 45 area 4.5278805118927 type ? bbox 3814.383817356 -270.61044588389 -175.7556222157 3817.1493505802 -267.80081281837 -173.7820803303
surf 46 area 135.8954778396 type ? bbox 3816.9972468213 -289.51615492459 -175.07943637699 3816.9988850444 -267.80081281837 -152.16371459005
surf 47 area 4.7746063312933 type ? bbox 3757.8529501947 -267.97965464462 -174.46593252343 3760.7879501992 -265.3846371189 -170.28334325583
surf 48 area 3.4610721484712 type ? bbox 3758.06791217 -268.19876281375 -174.8799412844 3760.6870184241 -266.38303570894 -172.70251984709
surf 49 area 12.543111688171 type ? bbox 3812.7521531365 -279.0408570481 -171.32865464258 3816.9983671501 -277.19563379892 -169.02141146208
surf 50 area 160.11587743964 type ? bbox 3760.1639983071 -279.0335101791 -171.30180711699 3812.7523872175 -267.033921904 -158.99101360775
surf 51 area 29.478381173807 type ? bbox 3757.8510627206 -267.59905983461 -174.01242624384 3760.7879501992 -264.74681154403 -161.254934677
surf 52 area 123.30010581775 type ? bbox 3758.1553940833 -303.28207058752 -236.69132356937 3760.2087352525 -270.68177274683 -204.01306338907
surf 53 area 96.24286246319 type ? bbox 3755.8763644495 -297.85323453706 -204.01306338907 3758.1553945209 -267.97965464462 -174.29370812614
surf 54 area 3.4604075041017 type ? bbox 3758.0700861476 -241.3797473136 -201.85292425845 3760.6892778859 -239.19297268985 -200.04850739136
surf 55 area 96.24287986117 type ? bbox 3755.8786375465 -270.68177274683 -231.34061861572 3758.1576367701 -240.7938475182 -201.63531558459
surf 56 area 1.0086340859155 type ? bbox 3760.1680470691 -235.79470025612 -208.82061559142 3802.0225452383 -227.7098818804 -200.76488442973
surf 57 area 23.406408152441 type ? bbox 3802.016949129 -237.94697002286 -212.35175667159 3812.7554055916 -234.36813918423 -208.82061559142
surf 58 area 4.7669947351839 type ? bbox 3757.8552010344 -240.96532927177 -201.63531558459 3760.7903282097 -236.76813472507 -199.06395005314
surf 59 area 29.667971011165 type ? bbox 3757.8534696308 -240.50957721973 -201.25725693664 3760.7903282097 -227.74925506233 -198.44485322052
surf 60 area 0.11260925958688 type ? bbox 3812.7552851188 -237.88543529304 -210.88125086051 3817.0016349578 -237.86473399861 -210.86428250863
surf 61 area 79.352026780688 type ? bbox 3817.0010713525 -242.15900270684 -217.27389368515 3817.0021679787 -226.94582835185 -200.95315365873
surf 62 area 3.4251837809898 type ? bbox 3814.411102057 -242.84402151381 -203.15106387309 3817.1674852838 -241.29488933801 -200.95315365873
surf 63 area 0.7897943725131 type ? bbox 3813.9513598378 -242.95999971925 -203.56873026597 3817.2230966433 -241.70600253716 -202.38554760691
surf 64 area 0.59402430830953 type ? bbox 3812.4318836067 -241.83853915489 -204.43651534583 3813.9871287145 -240.101405795 -203.44822581731
surf 65 area 0.0075148192555473 type ? bbox 3812.4221521214 -240.3191267423 -204.44455516286 3812.570597077 -240.08129968912 -204.21742696
surf 66 area 3.843919162335 type ? bbox 3809.5657067099 -240.77856030608 -205.21012538876 3812.4221521214 -238.80882458922 -204.44455516286
surf 67 area 7.7538259972345 type ? bbox 3805.5654988257 -240.58476471825 -205.14780450611 3809.9512181686 -238.03792281245 -204.07880740008
surf 68 area 22.283781298732 type ? bbox 3798.1880870232 -239.81448338859 -207.19066934108 3805.9512133273 -233.14815226907 -203.94530078728
surf 69 area 151.53612693437 type ? bbox 3770.760438266 -236.01431527683 -208.69540410044 3798.7106913934 -226.67073577377 -200.09364404829
surf 70 area 13.0242253246 type ? bbox 3768.809556494 -230.999583337 -202.79381549786 3771.8484588727 -226.39548697175 -198.75493948535
surf 71 area 11.753664369255 type ? bbox 3764.5263871781 -231.58046684059 -199.46621791032 3769.810987653 -228.72122602722 -196.86969541384
surf 72 area 2.2392153652174 type ? bbox 3763.5263244269 -231.41227992555 -197.17431524213 3764.9511279208 -229.17101296495 -196.67803528913
surf 73 area 4.6128132417515 type ? bbox 3761.5786120939 -231.21959340939 -196.9827557049 3763.9511233094 -229.10103044868 -195.44790376595
surf 74 area 9.1226672515288 type ? bbox 3760.8297887773 -239.31426582663 -198.50292727635 3763.4759857746 -231.13178358395 -195.91673241178
surf 75 area 0.004366538959383 type ? bbox 3760.1479618375 -233.5126586018 -191.54919825299 3760.1972378558 -233.31275984519 -191.35701008049
surf 76 area 0.40628569732736 type ? bbox 3760.0011322865 -234.27650484732 -191.53257856567 3760.2835224482 -233.31699412064 -189.96633614171
surf 77 area 348.97420154837 type ? bbox 3754.0009432062 -272.82290306804 -229.000582182 3760.5400895865 -231.62471290382 -188.03746433852
surf 78 area 17.478595440013 type ? bbox 3760.1843775255 -238.17882795182 -197.15032034934 3762.1655475453 -231.02055637653 -192.74129923503
surf 79 area 3.462879205099 type ? bbox 3760.1590388798 -234.62780824355 -194.39676044687 3761.039562354 -230.98058455793 -191.54919825299
surf 80 area 6.2259465197663 type ? bbox 3798.1837340287 -280.89515955374 -159.28197597054 3800.8938347033 -278.82421941247 -157.01036453929
surf 81 area 29.949024800974 type ? bbox 3798.1837345439 -279.68990001209 -166.52146569322 3805.9466218943 -276.32414941552 -158.63873596406
surf 82 area 12.754727772192 type ? bbox 3805.4409474306 -277.84418210157 -167.29082367948 3809.9466322788 -276.512895241 -163.68131529785
surf 83 area 9.8306802925713 type ? bbox 3809.4412463427 -277.90728450668 -168.01910295274 3812.8938348033 -276.23068457939 -164.45073591903
surf 84 area 21.378934200871 type ? bbox 3761.0044671747 -267.95637592262 -164.56397812431 3762.8440354535 -260.38842928972 -157.37544814108
surf 85 area 5.0187241186097 type ? bbox 3761.0044911535 -268.4178245365 -158.74684375136 3763.0188995663 -266.20587774773 -155.79595789461
surf 86 area 4.331973471737 type ? bbox 3762.0325743327 -268.9497713644 -158.47633208639 3763.9465071054 -267.78702373355 -155.53209114981
surf 87 area 3.1892077783691 type ? bbox 3763.4376510355 -269.14319305166 -158.63277645177 3764.9465102988 -268.40003234423 -155.59943063933
surf 88 area 12.735494347763 type ? bbox 3764.4377324712 -270.682578155 -158.78615028828 3769.0082380581 -268.59324505267 -155.51606171523
surf 89 area 16.97355250032 type ? bbox 3768.0910974993 -274.62458303252 -158.22615745896 3771.8440279897 -270.06570103686 -152.67559397731
surf 90 area 6.244997171748 type ? bbox 3770.0044908059 -275.82846142969 -153.99351853554 3771.8440279897 -272.83347943914 -151.03988924483
surf 91 area 6.3240255327594 type ? bbox 3770.0044908059 -276.42798818371 -152.34371489465 3772.1097104187 -274.02706860437 -149.2032133104
surf 92 area 2.9971450747956 type ? bbox 3771.5362228215 -276.73432605486 -152.0292563775 3772.9459498885 -275.86556702726 -149.12097407597
surf 93 area 79.755536620704 type ? bbox 3772.4140776361 -281.59469218009 -156.86636361696 3797.9460371677 -276.24669591028 -149.18648995685
surf 94 area 9.9584197504826 type ? bbox 3797.4166958621 -281.66089753016 -157.64697723433 3800.8938346352 -280.0245948628 -154.02472623026
surf 95 area 1.4639236016187 type ? bbox 3812.8938348033 -276.23068457939 -170.70370937921 3813.0363599236 -273.28688238251 -167.15781273234
surf 96 area 0.020559031354247 type ? bbox 3812.8938349516 -273.52437601099 -170.75278547958 3813.036732838 -273.25036708613 -170.50897489908
surf 97 area 9.2970633183637 type ? bbox 3813.0363597838 -273.28688238251 -173.69343504026 3815.375795121 -268.62876872801 -169.37638698123
surf 98 area 0.014309554029739 type ? bbox 3813.9141930095 -271.252500768 -173.87796698544 3814.0625218527 -271.02307724324 -173.6384850737
surf 99 area 0.10169691258976 type ? bbox 3814.0195207941 -271.06231768917 -173.88772015426 3814.383817356 -270.51825854633 -173.58663392944
surf 100 area 307.67703102139 type ? bbox 3753.9990568331 -300.27437454544 -233.68359878682 3760.0887072754 -272.822738939 -206.16656069465
surf 101 area 882.31495044947 type ? bbox 3753.9972470982 -303.54018042586 -236.94892735821 3754.0021682594 -215.30993790501 -140.5246614314
surf 102 area 702.96521430668 type ? bbox 3753.9972471686 -285.04347929464 -171.48110263797 3813.9774147835 -254.328359455 -140.5246614314
surf 103 area 1.9884978020357 type ? bbox 3760.0341829301 -257.65767332722 -167.47104542351 3760.6792523798 -255.58650123363 -165.6963698104
surf 104 area 6.7662119340528 type ? bbox 3760.1917127158 -260.10709137616 -166.87668759864 3761.5198094884 -256.29731260431 -163.18944444648
surf 105 area 1.0821274657072 type ? bbox 3760.1568678081 -260.36253523384 -167.05582263705 3761.0362720525 -257.66287334524 -164.34121999389
surf 106 area 0.012650487495569 type ? bbox 3761.0042309298 -260.38842928972 -164.55787878906 3761.0363614856 -260.10709137616 -164.31283036411
surf 107 area 0.83620146854636 type ? bbox 3814.33102083 -270.61044588389 -173.98918871103 3815.7036635251 -268.37621467714 -173.48656861099
surf 108 area 80.746648813433 type ? bbox 3813.9759655008 -285.04358669495 -174.45212063179 3816.9988850444 -267.80081281837 -152.16371459005
surf 109 area 419.87153860061 type ? bbox 3753.9972470982 -289.51615492459 -156.61096243906 3816.9972468876 -273.33255329678 -140.5246614314
surf 110 area 0.090020574567559 type ? bbox 3812.6183078652 -289.51615492459 -156.62781505097 3816.9972480077 -289.50420099095 -156.61078055547
surf 111 area 60.58704115966 type ? bbox 3812.618137927 -289.50438186621 -167.30441055229 3816.9980607254 -280.56701039835 -156.62763322016
surf 112 area 9.7978186293159 type ? bbox 3812.7292452439 -280.57302987128 -169.02158782543 3816.9981950956 -279.04068162765 -167.2983750133
surf 113 area 1.4766709660793 type ? bbox 3755.8763648901 -268.15103680444 -174.46593252343 3758.06791217 -267.55833297218 -173.70437947117
surf 114 area 123.70152619317 type ? bbox 3760.5678527921 -280.57302987128 -169.03065506968 3812.7522178538 -268.95596786433 -157.41284009621
surf 115 area 4.1410550937636 type ? bbox 3758.1222622861 -269.151839075 -160.69464207336 3760.5678527921 -267.23390744816 -158.457295497
surf 116 area 1.2263614612752 type ? bbox 3758.1222622861 -267.47458411228 -161.15872835516 3760.1640328623 -266.86456309967 -160.50347338615
surf 117 area 0.14007299536773 type ? bbox 3758.122102068 -267.10479889148 -161.20752562332 3760.1641982106 -266.81902567036 -160.96700634211
surf 118 area 1.383249431339 type ? bbox 3758.1022891404 -267.0598776301 -162.06564491783 3760.181348511 -266.09684698511 -161.02406609354
surf 119 area 29.662685800615 type ? bbox 3755.8542888441 -267.61242823036 -174.01242624384 3758.122102068 -264.56903117103 -160.78553415557
surf 120 area 139.33850887722 type ? bbox 3755.8763644495 -303.54380862384 -236.95132788135 3758.1576364121 -270.4960452535 -203.82654605607
surf 121 area 80.731746308475 type ? bbox 3753.9988634518 -297.85323453706 -203.82662403679 3755.929343272 -267.18547808081 -173.33381005917
surf 122 area 1.4766878708188 type ? bbox 3755.8786379738 -240.96532927177 -201.80778068974 3758.0700861476 -240.20114368519 -201.21845203518
surf 123 area 80.731750524101 type ? bbox 3754.0011365353 -270.4960452535 -231.34069660118 3755.9316163558 -239.828288794 -200.847882623
surf 124 area 1.1418748244882 type ? bbox 3758.1054085037 -228.55442197648 -200.7909576447 3760.184612638 -227.66624079627 -199.82336175314
surf 125 area 89.037670886914 type ? bbox 3760.1651868032 -235.79470025612 -210.2957950397 3802.0351525916 -226.28060783732 -200.7909576447
surf 126 area 384.50042310176 type ? bbox 3754.0018663503 -236.43592883994 -216.9042035551 3812.7216866689 -220.49353844739 -202.25553044167
surf 127 area 28.14352982676 type ? bbox 3812.6231810392 -236.43707833783 -216.91255052391 3817.0021333936 -231.86397701983 -212.35031801087
surf 128 area 8.7402656201686 type ? bbox 3812.7217380108 -237.86490943273 -212.35049578775 3817.0017549746 -236.43690151168 -210.88107448485
surf 129 area 29.660821150909 type ? bbox 3755.8575539019 -240.50957721973 -201.27196493673 3758.1220815625 -227.27686757577 -198.27034075614
surf 130 area 2.6036695548308 type ? bbox 3812.6231944408 -231.86415792699 -217.27407555004 3817.0021679127 -231.39192205994 -216.912368643
surf 131 area 417.25503178663 type ? bbox 3754.0021681895 -231.39210294608 -217.27407555004 3817.0021679787 -215.30993790501 -201.28863276402
surf 132 area 54.385059375569 type ? bbox 3813.9799185898 -241.52548291586 -212.85309392941 3817.0021679787 -226.94570051803 -200.95315365873
surf 133 area 0.64300076544973 type ? bbox 3814.3562793193 -241.83997475085 -203.15106387309 3816.1055582194 -241.14595791554 -201.15507760105
surf 134 area 0.062102876564598 type ? bbox 3813.9871287145 -241.81819458349 -203.44822581731 3814.411102057 -241.6345849116 -203.06254177236
surf 135 area 0.0055795979887468 type ? bbox 3813.9513598378 -241.83853915489 -203.56873026597 3814.029202848 -241.68268095473 -203.43127953219
surf 136 area 6.266524314872 type ? bbox 3812.570597077 -241.68268095473 -204.21742696 3815.769379169 -238.94040835747 -201.28524124353
surf 137 area 1.0516827951362 type ? bbox 3809.9512181686 -240.30798222329 -204.92496670656 3812.5562192933 -238.55245527661 -204.229084767
surf 138 area 5.7416861244699 type ? bbox 3810.0410570368 -240.101405795 -204.7156732917 3813.0540297474 -237.40006869436 -202.86052549565
surf 139 area 1.4318800974299 type ? bbox 3805.9512133273 -238.80882458922 -204.84490222063 3810.0410570368 -237.78160721647 -203.86742949035
surf 140 area 2.7726619697195 type ? bbox 3800.898172353 -238.03792281245 -206.35377596795 3806.0410597693 -232.95440411806 -203.73539253234
surf 141 area 6.1959193848642 type ? bbox 3798.1880870232 -233.82847292613 -208.45998244725 3800.8982895964 -231.5812991603 -206.35377596795
surf 142 area 9.8264542832207 type ? bbox 3797.4448494816 -232.25526343123 -209.30543490737 3800.8982895964 -228.68727310606 -207.61796059654
surf 143 area 79.723833381707 type ? bbox 3772.442898696 -231.52634366307 -209.24015636331 3797.9512223804 -223.84813853923 -203.87360979209
surf 144 area 4.3742187178621 type ? bbox 3771.0211347478 -226.72413869822 -204.43494986633 3772.951160207 -223.77936552456 -203.26670223422
surf 145 area 4.9763109375617 type ? bbox 3770.0089461907 -226.9913989629 -203.89086253595 3772.0206687457 -224.04730660933 -201.68656096633
surf 146 area 3.1071160970739 type ? bbox 3770.0088877484 -227.7856974264 -203.42745243551 3771.8485180075 -225.60786997575 -201.05825773428
surf 147 area 1.2005168776484 type ? bbox 3768.809556494 -228.72122602722 -201.05825773428 3770.0407335887 -226.18452896503 -198.52057784763
surf 148 area 1.5287810035335 type ? bbox 3764.9511279208 -229.4821979561 -198.75493948535 3768.8560015784 -228.47769440993 -196.65626049855
surf 149 area 0.35825675376889 type ? bbox 3763.9511233094 -229.36387957948 -196.86969541384 3765.0411475263 -228.9161598159 -196.46457382102
surf 150 area 0.9778343882622 type ? bbox 3761.5786120939 -229.63743814831 -196.67803528913 3764.0411482394 -228.84514283335 -195.21383254616
surf 151 area 2.0417524793719 type ? bbox 3761.0084187351 -231.18930888555 -196.16814408662 3762.0867415731 -229.63743814831 -194.20908922815
surf 152 area 1.0828931927653 type ? bbox 3760.1590388798 -233.49719101583 -194.07728436599 3761.0401852119 -230.79349947773 -191.36223303334
surf 153 area 6.7723237713592 type ? bbox 3760.1939709325 -233.31699412064 -193.82306620285 3761.5237065752 -229.63391166257 -190.00339660972
surf 154 area 1.9912889477525 type ? bbox 3760.0359317839 -233.90799782763 -191.35701008049 3760.6815087498 -232.12892890014 -189.28788686493
surf 155 area 604.89340637922 type ? bbox 3754.0009438343 -240.01030337923 -212.85309392941 3813.9808975255 -215.30993790501 -188.03746433852
surf 156 area 0.022747666623984 type ? bbox 3761.0084095912 -231.02055637653 -194.39676044687 3761.039562354 -230.86048396576 -194.10667674078
surf 157 area 0.013429969468864 type ? bbox 3761.008124992 -231.01162412051 -194.10667674078 3761.0402762221 -230.7617940668 -193.82306620285
surf 158 area 0.6870423658059 type ? bbox 3800.8938346352 -280.0245948628 -158.63873596406 3801.0363603094 -278.57770138375 -156.82906309142
surf 159 area 2.7881494245077 type ? bbox 3800.8938347033 -278.82421941247 -163.68131529785 3806.0370206344 -276.35942287366 -158.4555604147
surf 160 area 1.4322610179922 type ? bbox 3805.9466218943 -277.493265074 -164.45073591903 3810.0370179453 -276.49738119772 -163.43450659876
surf 161 area 1.6501852010366 type ? bbox 3809.9466322788 -277.57971308733 -167.34871934465 3813.0363599236 -275.99010326737 -164.20383272957
surf 162 area 0.0013942939922215 type ? bbox 3761.0044828009 -260.39216330637 -164.53062655397 3761.0363614856 -260.13116965416 -164.31283036411
surf 163 area 3.129607441873 type ? bbox 3761.0044671747 -266.20587774773 -164.52621192809 3761.0363614856 -260.13116965416 -157.167406605
surf 164 area 0.87446179068471 type ? bbox 3761.0044911535 -267.78702373355 -157.37544814108 3762.0859214161 -265.940668839 -155.55525351172
surf 165 area 0.74094922398333 type ? bbox 3762.0325743327 -268.59250093823 -155.79595789461 3764.0370564837 -267.54979500779 -155.28528190154
surf 166 area 0.35835153932823 type ? bbox 3763.9465071054 -268.78606761596 -155.79192736996 3765.0370515329 -268.36884708277 -155.35366825509
surf 167 area 1.1856571761579 type ? bbox 3764.9465102988 -270.06570103686 -155.90700091494 3768.1462219725 -268.56245038286 -155.27585808156
surf 168 area 1.536346816284 type ? bbox 3768.0910974993 -272.83347943914 -155.51606171523 3770.0363290261 -269.8280833536 -152.47559219112
surf 169 area 0.68760760356352 type ? bbox 3770.0044908059 -274.02706860437 -152.67559397731 3770.0363620797 -272.56214330906 -150.84204964462
surf 170 area 1.09615395064 type ? bbox 3770.0044908059 -275.86556702726 -151.03988924483 3771.6309608311 -273.75416249134 -148.96716476412
surf 171 area 0.51285306303602 type ? bbox 3771.5665111618 -276.3356034133 -149.2032133104 3773.0370457306 -275.62477918781 -148.88291244066
surf 172 area 8.958669046964 type ? bbox 3772.9459498885 -281.20049239298 -154.02472623026 3798.037027487 -276.10293339267 -148.94954696883
surf 173 area 1.6596726968868 type ? bbox 3797.9460371677 -281.28959444141 -157.01036453929 3801.0363603094 -279.77669535294 -153.78688254926
surf 174 area 7.9412402989071 type ? bbox 3813.0363597838 -275.99010326737 -170.50897489908 3813.5199214601 -271.90560710795 -166.04739222345
surf 175 area 2.7996796614743 type ? bbox 3754.0017816935 -225.28358401654 -202.89337928706 3755.8721180505 -223.86947367203 -201.54514559301
surf 176 area 4.8315895818935 type ? bbox 3754.0016353095 -227.24545935996 -201.90144270198 3755.8571165471 -224.9245088065 -199.97448573328
surf 177 area 27.064984327418 type ? bbox 3754.0011369903 -240.20114368519 -201.21845203518 3755.9316163558 -226.88857480312 -197.91298436773
surf 178 area 114.35933272273 type ? bbox 3753.9988634518 -303.54380862384 -236.95132788135 3755.8786375465 -270.49596768579 -203.82654605607
surf 179 area 27.064172400608 type ? bbox 3753.9983657936 -267.55833297218 -173.70437947117 3755.929343272 -264.20899451962 -160.39930184508
surf 180 area 14.902979823901 type ? bbox 3753.9979149397 -271.34305524941 -160.75398308621 3755.8537005622 -266.23810381682 -154.26614560011
surf 181 area 3.1497770218946 type ? bbox 3753.9978207474 -272.37533757558 -154.62547715399 3755.8991529436 -270.98473518393 -153.01548574139
surf 182 area 823.3558083512 type ? bbox 3753.9972470982 -289.44449758746 -167.2983750133 3812.7292452439 -270.60848855013 -145.24447600341
surf 183 area 36.270621327075 type ? bbox 3754.0021341986 -231.87484524129 -217.27407555004 3812.6232289599 -220.02519107838 -205.6245067517
surf 184 area 8.9501271754442 type ? bbox 3810.0370179453 -277.35909527094 -167.15781273234 3813.5199162369 -274.59094340247 -163.11130289015
surf 185 area 7.6621957330988 type ? bbox 3806.0370206344 -277.27122485292 -164.20383272957 3810.5199179086 -275.08672799344 -162.34269504396
surf 186 area 14.959431014776 type ? bbox 3801.0363602423 -278.57770138375 -163.43450659876 3806.5199184493 -274.94767034486 -157.39029365647
surf 187 area 3.7267736484539 type ? bbox 3801.0363602423 -279.77669535294 -158.4555604147 3801.5199221168 -277.14386593245 -155.77469313684
surf 188 area 9.0050944764974 type ? bbox 3798.037027487 -281.06033119185 -156.82906309142 3801.5199221168 -278.33482830057 -152.75115463747
surf 189 area 47.907326303337 type ? bbox 3773.0370457306 -280.96891588475 -153.78688254926 3798.5199206744 -274.64622157626 -147.92012966746
surf 190 area 2.7648756566219 type ? bbox 3771.6309608311 -276.10293339267 -148.96716476412 3773.5199273234 -274.16890918011 -147.85308872508
surf 191 area 5.9946353070504 type ? bbox 3770.0363620797 -275.62477918781 -150.84204964462 3772.114053981 -272.30717767907 -147.93581174151
surf 192 area 3.7292549120916 type ? bbox 3770.0363290261 -273.75416249134 -152.47559219112 3770.5199264233 -271.12338974103 -149.79472694163
surf 193 area 8.2949943582771 type ? bbox 3768.1462219725 -272.56214330906 -155.27585808156 3770.5199255422 -268.40674217007 -151.41700560415
surf 194 area 6.3272871175551 type ? bbox 3765.0370515329 -269.8280833536 -155.66038628732 3768.6293602871 -267.14597973295 -154.19669283565
surf 195 area 1.9155204775563 type ? bbox 3764.0370564837 -268.56245038286 -155.5461386926 3765.5199240188 -266.95222872631 -154.26978664731
surf 196 area 4.0005380631581 type ? bbox 3762.0859214161 -268.36884708277 -155.55525351172 3764.519924255 -266.13525252842 -154.20095909262
surf 197 area 4.7721599097268 type ? bbox 3761.036360493 -267.54979500779 -157.167406605 3762.5691222842 -264.53475383165 -154.46707165977
surf 198 area 16.977174153591 type ? bbox 3761.0362838005 -265.940668839 -164.31283036411 3761.5199233278 -258.76875065752 -156.06556557406
surf 199 area 0.072971171024656 type ? bbox 3761.0362720525 -260.13116965416 -164.34121999389 3761.5199192538 -258.74187727806 -163.15763590196
surf 200 area 2.7795293693954 type ? bbox 3769.5950113737 -289.51597400891 -156.71315287711 3812.6183090549 -281.12464618129 -148.2710357456
surf 201 area 1.218467963276 type ? bbox 3759.693623415 -270.60848855013 -158.99101360775 3761.2898279051 -268.95596786433 -157.41284009621
surf 202 area 21.192006441686 type ? bbox 3755.853249951 -272.45462827313 -160.50347338615 3761.2898279051 -267.23390744816 -153.38342489003
surf 203 area 11.613892588634 type ? bbox 3755.853249951 -271.34305524941 -160.96700634211 3758.122296509 -266.59763349066 -154.62547715399
surf 204 area 0.12982699013958 type ? bbox 3755.8537005622 -266.86456309967 -161.02406609354 3758.122296509 -266.57274965134 -160.75398308621
surf 205 area 2.1356182436062 type ? bbox 3758.1220815625 -227.7098818804 -202.25553044167 3760.182033048 -226.28060783732 -200.41090681605
surf 206 area 0.26267734449727 type ? bbox 3758.119937398 -227.69547261597 -202.25952954767 3760.1651868032 -226.27385589677 -200.41090681605
surf 207 area 0.2248201787842 type ? bbox 3758.0865362223 -227.51681151123 -202.28473922549 3760.1543889571 -226.23281115811 -200.55138597441
surf 208 area 8.3602210367605 type ? bbox 3755.8571165471 -227.45929779216 -202.98856870051 3760.0909807089 -224.23148345029 -200.59624183308
surf 209 area 0.12822637285579 type ? bbox 3755.8569702979 -227.51681151123 -200.59624183308 3758.119937398 -227.24545935996 -200.30676343593
surf 210 area 7.6601016266976 type ? bbox 3806.0410597693 -238.55245527661 -204.63362491152 3810.5239432563 -236.62970208083 -202.50540212129
surf 211 area 0.68373433245066 type ? bbox 3800.898172353 -233.14815226907 -207.61796059654 3801.0408105265 -231.389358759 -206.11547503843
surf 212 area 14.878567142442 type ? bbox 3801.0406934125 -237.78160721647 -206.11547503843 3806.5239431284 -231.82752282691 -202.37211286022
surf 213 area 1.6495727423153 type ? bbox 3797.9512223804 -231.5812991603 -208.97868465109 3801.0408105265 -228.43939441655 -207.37820110557
surf 214 area 8.9552694712585 type ? bbox 3772.951160207 -228.68727310606 -208.89410150921 3798.0416527011 -223.60087423176 -203.8635085806
surf 215 area 0.7484547764079 type ? bbox 3771.0211347478 -224.04730660933 -204.08543109658 3773.0416678783 -223.5313959996 -203.03096332307
surf 216 area 0.86719612037842 type ? bbox 3770.0089461907 -225.60786997575 -203.26670223422 3771.0741295422 -223.80516939413 -201.42274489978
surf 217 area 0.34210361151438 type ? bbox 3770.0088877484 -226.39548697175 -201.68656096633 3770.0408246461 -225.39806817842 -200.79535067901
surf 218 area 6.4722247229573 type ? bbox 3768.8560015784 -228.47769440993 -200.79535067901 3770.524291951 -225.06786856044 -197.14135085146
surf 219 area 8.1681036872958 type ? bbox 3765.0411475263 -229.2263991796 -198.52057784763 3769.339300785 -227.34439754036 -195.28552020263
surf 220 area 1.9149979639412 type ? bbox 3764.0411482394 -229.10900781726 -196.65626049855 3765.5240003725 -227.7749391061 -195.09372186392
surf 221 area 0.64058919422804 type ? bbox 3761.0084187351 -230.86048396576 -195.44790376595 3761.6224179914 -229.39369777602 -193.95260609982
surf 222 area 5.2861957057947 type ? bbox 3761.6224179914 -229.39369777602 -196.46457382102 3764.5240009784 -227.70319881763 -193.84704782495
surf 223 area 0.077009285812305 type ? bbox 3761.0401852119 -230.79349947773 -193.85025903276 3761.5238175882 -229.60239250968 -192.46447738936
surf 224 area 0.29093386437381 type ? bbox 3761.0402762221 -230.7617940668 -193.95260609982 3761.5238267378 -229.48315832651 -192.49141403206
surf 225 area 3.4999742097931 type ? bbox 3761.0402920341 -230.64177414333 -195.21383254616 3762.1057306806 -228.24514532324 -192.59308891024
surf 226 area 1.8552871485846 type ? bbox 3770.0407335887 -226.18452896503 -201.42274489978 3770.5243500979 -224.28684953017 -199.40117639607
surf 227 area 4.7321717036955 type ? bbox 3770.0408246461 -225.39806817842 -203.03096332307 3771.5572520017 -222.70718813576 -200.02421818853
surf 228 area 4.0413754539894 type ? bbox 3771.0741295422 -223.80516939413 -203.8635085806 3773.5245243797 -222.43733471452 -201.62394121857
surf 229 area 47.888310271779 type ? bbox 3773.0416678783 -228.43939441655 -208.67306194473 3798.5245210191 -222.50717586345 -202.45441788879
surf 230 area 8.9517535067558 type ? bbox 3798.0416527011 -231.389358759 -208.7594722191 3801.5243503698 -227.34102449363 -205.98374918373
surf 231 area 3.7087498864137 type ? bbox 3801.0406934125 -232.95440411806 -207.37820110557 3801.5243503698 -230.27302473188 -204.7295328711
surf 232 area 0.053612387789459 type ? bbox 3761.0084095912 -230.98058455793 -194.20908922815 3761.0402920341 -230.64177414333 -193.85025903276
surf 233 area 0.00086412050908772 type ? bbox 3761.0084095912 -230.98058455793 -194.10667674078 3761.0402762221 -230.7617940668 -193.85025903276
surf 234 area 3.5604039393501 type ? bbox 3755.8569702979 -227.45929779216 -201.91957295773 3758.0865362223 -225.28358401654 -200.33182725601
solid volume: 25315.532101189
ok   count_before
ok   remove_holes
surfaces after hole removal: 234
solid volume after: 25315.532101189
ok   volume_after
ok   savehm
